EN fourbitadder NULL "D:/Study/AUT/Term 4/Logical Circuit/Project/FullAdder/FourBitAdder.vhd" sub00/vhpl00 1656868696
EN fulladder NULL "D:/Study/AUT/Term 4/Logical Circuit/Project/FullAdder/FullAdder.vhd" sub00/vhpl02 1656868694
AR fourbitadder behavioral "D:/Study/AUT/Term 4/Logical Circuit/Project/FullAdder/FourBitAdder.vhd" sub00/vhpl01 1656868697
AR fulladder behavioral "D:/Study/AUT/Term 4/Logical Circuit/Project/FullAdder/FullAdder.vhd" sub00/vhpl03 1656868695
